[karimbouzgarne.fr/index.html]
[backblue.gif]
[fade.gif]
[index.html]
[karimbouzgarne.fr/img/favicon/favicon/apple-icon-57x57.png]
[karimbouzgarne.fr/img/favicon/favicon/apple-icon-60x60.png]
[karimbouzgarne.fr/img/favicon/favicon/apple-icon-72x72.png]
[karimbouzgarne.fr/img/favicon/favicon/apple-icon-76x76.png]
[karimbouzgarne.fr/img/favicon/favicon/apple-icon-114x114.png]
[karimbouzgarne.fr/img/favicon/favicon/apple-icon-120x120.png]
[karimbouzgarne.fr/img/favicon/favicon/apple-icon-144x144.png]
[karimbouzgarne.fr/img/favicon/favicon/apple-icon-152x152.png]
[karimbouzgarne.fr/img/favicon/favicon/apple-icon-180x180.png]
[karimbouzgarne.fr/img/favicon/favicon/android-icon-192x192.png]
[karimbouzgarne.fr/img/favicon/favicon/favicon-32x32.png]
[karimbouzgarne.fr/img/favicon/favicon/favicon-96x96.png]
[karimbouzgarne.fr/img/favicon/favicon/favicon-16x16.png]
[karimbouzgarne.fr/img/favicon/favicon/manifest.json]
[karimbouzgarne.fr/img/favicon/favicon/ms-icon-144x144.png]
[unpkg.com/aos@next/dist/aos.15.delayed]
[unpkg.com/aos@3.0.0-beta.6/dist/aos.css]
[karimbouzgarne.fr/tonlien]
[cdnjs.cloudflare.com/ajax/libs/animejs/2.0.2/anime.min.js]
[karimbouzgarne.fr/img/portfolio/des-mots-pour-voir.jpg]
[karimbouzgarne.fr/img/portfolio/flora-perre.jpg]
[karimbouzgarne.fr/img/portfolio/indian-palace.jpg]
[karimbouzgarne.fr/img/portfolio/zeroWaste.jpg]
[karimbouzgarne.fr/img/portfolio/asso.jpg]
[karimbouzgarne.fr/img/portfolio/m&k.jpg]
[karimbouzgarne.fr/img/portfolio/vsa.jpg]
[karimbouzgarne.fr/img/about/aries.jpg]
[karimbouzgarne.fr/img/about/bts.jpg]
[karimbouzgarne.fr/img/about/bac.jpg]
[karimbouzgarne.fr/img/about/3.jpg]
[karimbouzgarne.fr/cv/index.html]
[karimbouzgarne.fr/js/jquery-1.11.2.min.js]
[karimbouzgarne.fr/js/validator.min.js]
[karimbouzgarne.fr/js/form-scripts.js]
[karimbouzgarne.fr/vendor/jquery/jquery.min.js]
[karimbouzgarne.fr/vendor/bootstrap/js/bootstrap.bundle.min.js]
[karimbouzgarne.fr/vendor/jquery-easing/jquery.easing.min.js]
[karimbouzgarne.fr/vendor/scrollreveal/scrollreveal.min.js]
[karimbouzgarne.fr/vendor/magnific-popup/jquery.magnific-popup.min.js]
[karimbouzgarne.fr/js/typed.min.js]
[karimbouzgarne.fr/js/creative.min.js]
[unpkg.com/aos@next/dist/aos.js]
[unpkg.com/aos@3.0.0-beta.6/dist/aos.js]
[cdn.jsdelivr.net/particles.js/2.0.0/particles.min.js]
[threejs.org/examples/js/libs/stats.min.js]
[karimbouzgarne.fr/js/typed.js]
[karimbouzgarne.fr/js/particles.js]
[karimbouzgarne.fr/js/loader.js]
[karimbouzgarne.fr/index.html]
[karimbouzgarne.fr/js/wrapper-loader.js]
[karimbouzgarne.fr/vendor/bootstrap/css/bootstrap.min.css]
[karimbouzgarne.fr/css/animate.css]
[karimbouzgarne.fr/vendor/fontawesome-free/webfonts/fa-brands-400.eot]
[karimbouzgarne.fr/vendor/fontawesome-free/webfonts/fa-brands-400d41d.eot]
[karimbouzgarne.fr/vendor/fontawesome-free/webfonts/fa-brands-400.woff]
[karimbouzgarne.fr/vendor/fontawesome-free/webfonts/fa-brands-400.ttf]
[karimbouzgarne.fr/vendor/fontawesome-free/webfonts/fa-regular-400.eot]
[karimbouzgarne.fr/vendor/fontawesome-free/webfonts/fa-regular-400d41d.eot]
[karimbouzgarne.fr/vendor/fontawesome-free/webfonts/fa-regular-400.woff]
[karimbouzgarne.fr/vendor/fontawesome-free/webfonts/fa-regular-400.ttf]
[karimbouzgarne.fr/vendor/fontawesome-free/webfonts/fa-solid-900.eot]
[karimbouzgarne.fr/vendor/fontawesome-free/webfonts/fa-solid-900d41d.eot]
[karimbouzgarne.fr/vendor/fontawesome-free/webfonts/fa-solid-900.woff]
[karimbouzgarne.fr/vendor/fontawesome-free/webfonts/fa-solid-900.ttf]
[karimbouzgarne.fr/vendor/fontawesome-free/css/all.min.css]
[karimbouzgarne.fr/vendor/magnific-popup/magnific-popup.css]
[karimbouzgarne.fr/img/header-bg.jpg]
[karimbouzgarne.fr/img/map-image.png]
[karimbouzgarne.fr/css/agency.min.css]
[karimbouzgarne.fr/css/creative.min.css]
[unpkg.com/aos@3.0.0-beta.6/dist/aos.css]
[karimbouzgarne.fr/tonlien.html]
[karimbouzgarne.fr/favicon/ms-icon-144x144.png]
[unpkg.com/aos@2.3.1/dist/aos.css]
[karimbouzgarne.fr/cv/img/logo-site.png]
[karimbouzgarne.fr/index-2.html]
[karimbouzgarne.fr/cv/vendor/jquery/jquery.min.js]
[karimbouzgarne.fr/cv/vendor/bootstrap/js/bootstrap.bundle.min.js]
[karimbouzgarne.fr/cv/vendor/jquery-easing/jquery.easing.min.js]
[karimbouzgarne.fr/cv/js/resume.min.js]
[karimbouzgarne.fr/cv/js/typed.min.js]
[karimbouzgarne.fr/cv/index.html]
[karimbouzgarne.fr/vendor/fontawesome-free/webfonts/fa-brands-400.html]
[karimbouzgarne.fr/vendor/fontawesome-free/webfonts/fa-brands-400.svg]
[karimbouzgarne.fr/vendor/fontawesome-free/webfonts/fa-regular-400.html]
[karimbouzgarne.fr/vendor/fontawesome-free/webfonts/fa-regular-400.svg]
[karimbouzgarne.fr/vendor/fontawesome-free/webfonts/fa-solid-900.html]
[unpkg.com/aos@2.3.1/dist/aos.js]
[karimbouzgarne.fr/vendor/fontawesome-free/webfonts/fa-solid-900.svg]
[karimbouzgarne.fr/img/header-bg.html]
[karimbouzgarne.fr/img/map-image.html]
[karimbouzgarne.fr/favicon/ms-icon-144x144.html]
[karimbouzgarne.fr/cv/vendor/bootstrap/css/bootstrap.min.css]
[karimbouzgarne.fr/cv/vendor/fontawesome-free/webfonts/fa-brands-400.eot]
[karimbouzgarne.fr/cv/vendor/fontawesome-free/webfonts/fa-brands-400d41d.eot]
[karimbouzgarne.fr/cv/vendor/fontawesome-free/webfonts/fa-brands-400.woff]
[karimbouzgarne.fr/cv/vendor/fontawesome-free/webfonts/fa-brands-400.ttf]
[karimbouzgarne.fr/cv/vendor/fontawesome-free/webfonts/fa-regular-400.eot]
[karimbouzgarne.fr/cv/vendor/fontawesome-free/webfonts/fa-regular-400d41d.eot]
[karimbouzgarne.fr/cv/vendor/fontawesome-free/webfonts/fa-regular-400.woff]
[karimbouzgarne.fr/cv/vendor/fontawesome-free/webfonts/fa-regular-400.ttf]
[karimbouzgarne.fr/cv/vendor/fontawesome-free/webfonts/fa-solid-900.eot]
[karimbouzgarne.fr/cv/vendor/fontawesome-free/webfonts/fa-solid-900d41d.eot]
[karimbouzgarne.fr/cv/vendor/fontawesome-free/webfonts/fa-solid-900.woff]
[karimbouzgarne.fr/cv/vendor/fontawesome-free/webfonts/fa-solid-900.ttf]
[karimbouzgarne.fr/cv/vendor/fontawesome-free/css/all.min.css]
[unpkg.com/aos@2.3.1/dist/aos.css]
[karimbouzgarne.fr/cv/css/resume.min.css]
[karimbouzgarne.fr/index-2.html]
[karimbouzgarne.fr/cv/vendor/fontawesome-free/webfonts/fa-brands-400.html]
[karimbouzgarne.fr/cv/vendor/fontawesome-free/webfonts/fa-brands-400.svg]
[karimbouzgarne.fr/cv/vendor/fontawesome-free/webfonts/fa-regular-400.html]
[karimbouzgarne.fr/cv/vendor/fontawesome-free/webfonts/fa-regular-400.svg]
[karimbouzgarne.fr/cv/vendor/fontawesome-free/webfonts/fa-solid-900.html]
[karimbouzgarne.fr/cv/vendor/fontawesome-free/webfonts/fa-solid-900.svg]
